"[{\"id\":0,\"first_name\":\"firstName\",\"last_name\":\"lastName\",\"full_name\":\"firstName lastName\"}]"